// Jest Snapshot v1, https://goo.gl/fbAQLP

exports[`should take a look at snapshot testing 1`] = `ShallowWrapper {}`;
