// Jest Snapshot v1, https://goo.gl/fbAQLP

exports[`should take look at the snapshot of the counter button 1`] = `ShallowWrapper {}`;
