// Jest Snapshot v1, https://goo.gl/fbAQLP

exports[`renders main page without crashing 1`] = `ShallowWrapper {}`;
