// Jest Snapshot v1, https://goo.gl/fbAQLP

exports[`should take a look at snapshot testing with error boundary 1`] = `ShallowWrapper {}`;
